[1/2100 2s] opt graph  1 = 48.0 (0.05s)
[2/2100 2s] opt graph  0 = 44.0 (0.07s)
[3/2100 2s] opt graph  4 = 48.0 (0.06s)
[4/2100 2s] opt graph  2 = 44.0 (0.08s)
[5/2100 2s] opt graph  3 = 44.0 (0.07s)
[6/2100 2s] opt graph  8 = 48.0 (0.03s)
[7/2100 3s] opt graph  7 = 48.0 (0.05s)
[8/2100 3s] opt graph  6 = 46.0 (0.07s)
[9/2100 3s] opt graph  9 = 44.0 (0.08s)
[10/2100 3s] opt graph  5 = 44.0 (0.12s)
[11/2100 3s] opt graph 11 = 44.0 (0.08s)
[12/2100 3s] opt graph 10 = 46.0 (0.10s)
[13/2100 3s] opt graph 12 = 44.0 (0.07s)
[14/2100 3s] opt graph 13 = 44.0 (0.08s)
[15/2100 3s] opt graph 16 = 46.0 (0.06s)
[16/2100 3s] opt graph 14 = 46.0 (0.07s)
[17/2100 3s] opt graph 18 = 46.0 (0.07s)
[18/2100 3s] opt graph 15 = 44.0 (0.08s)
[19/2100 3s] opt graph 17 = 48.0 (0.09s)
[20/2100 3s] opt graph 19 = 48.0 (0.05s)
[21/2100 3s] opt graph 21 = 46.0 (0.05s)
[22/2100 3s] opt graph 20 = 44.0 (0.07s)
[23/2100 3s] opt graph 23 = 44.0 (0.06s)
[24/2100 3s] opt graph 24 = 46.0 (0.06s)
[25/2100 3s] opt graph 22 = 44.0 (0.08s)
[26/2100 3s] opt graph 25 = 46.0 (0.10s)
[27/2100 3s] opt graph 27 = 44.0 (0.08s)
[28/2100 3s] opt graph 29 = 44.0 (0.09s)
[29/2100 3s] opt graph 28 = 44.0 (0.10s)
[30/2100 3s] opt graph 30 = 48.0 (0.08s)
[31/2100 3s] opt graph 26 = 44.0 (0.13s)
[32/2100 3s] opt graph 31 = 46.0 (0.08s)
[33/2100 3s] opt graph 32 = 46.0 (0.06s)
[34/2100 3s] opt graph 34 = 46.0 (0.05s)
[35/2100 3s] opt graph 33 = 44.0 (0.05s)
[36/2100 3s] opt graph 36 = 46.0 (0.06s)
[37/2100 3s] opt graph 35 = 46.0 (0.08s)
[38/2100 3s] opt graph 37 = 46.0 (0.06s)
[39/2100 3s] opt graph 38 = 46.0 (0.06s)
[40/2100 3s] opt graph 39 = 46.0 (0.06s)
[41/2100 3s] opt graph 40 = 44.0 (0.08s)
[42/2100 3s] opt graph 41 = 46.0 (0.07s)
[43/2100 3s] opt graph 42 = 44.0 (0.07s)
[44/2100 3s] opt graph 43 = 44.0 (0.07s)
[45/2100 3s] opt graph 44 = 44.0 (0.08s)
[46/2100 3s] opt graph 45 = 44.0 (0.07s)
[47/2100 3s] opt graph 46 = 46.0 (0.05s)
[48/2100 3s] opt graph 47 = 44.0 (0.05s)
[49/2100 3s] opt graph 48 = 46.0 (0.07s)
[50/2100 3s] opt graph 49 = 44.0 (0.08s)
[51/2100 8s] NO-MERGE graph  3 = 42.0000 (5.00s, |K|>3=14)
[52/2100 8s] NO-MERGE graph  5 = 44.0000 (5.34s, |K|>3=8)
[53/2100 12s] NO-MERGE graph  2 = 44.0000 (8.79s, |K|>3=15)
[54/2100 12s] NO-MERGE graph  0 = 42.0000 (9.12s, |K|>3=15)
[55/2100 13s] NO-MERGE graph  4 = 44.0000 (9.88s, |K|>3=15)
[56/2100 15s] NO-MERGE graph  8 = 46.0000 (3.00s, |K|>3=7)
[57/2100 16s] NO-MERGE graph  1 = 46.0000 (13.23s, |K|>3=14)
[58/2100 18s] NO-MERGE graph  6 = 46.0000 (10.43s, |K|>3=15)
[59/2100 20s] NO-MERGE graph  9 = 44.0000 (7.79s, |K|>3=15)
[60/2100 21s] NO-MERGE graph  7 = 46.0000 (12.93s, |K|>3=15)
[61/2100 22s] NO-MERGE graph 10 = 46.0000 (9.34s, |K|>3=15)
[62/2100 24s] NO-MERGE graph 12 = 40.0000 (8.09s, |K|>3=15)
[63/2100 25s] NO-MERGE graph 11 = 42.0000 (10.26s, |K|>3=15)
[64/2100 25s] NO-MERGE graph 14 = 44.0000 (5.48s, |K|>3=15)
[65/2100 26s] NO-MERGE graph 13 = 42.0000 (7.93s, |K|>3=14)
[66/2100 32s] NO-MERGE graph 15 = 44.0000 (10.34s, |K|>3=15)
[67/2100 33s] NO-MERGE graph 20 = 42.0000 (6.51s, |K|>3=14)
[68/2100 33s] NO-MERGE graph 19 = 46.0000 (7.93s, |K|>3=15)
[69/2100 34s] NO-MERGE graph 16 = 42.0000 (12.17s, |K|>3=15)
[70/2100 35s] NO-MERGE graph 18 = 46.0000 (9.57s, |K|>3=14)
[71/2100 35s] NO-MERGE graph 17 = 48.0000 (10.96s, |K|>3=14)
[72/2100 38s] NO-MERGE graph 23 = 44.0000 (4.85s, |K|>3=8)
[73/2100 38s] NO-MERGE graph 24 = 44.0000 (3.93s, |K|>3=8)
[74/2100 39s] NO-MERGE graph 26 = 44.0000 (3.58s, |K|>3=8)
[75/2100 40s] NO-MERGE graph 21 = 42.0000 (8.40s, |K|>3=15)
[76/2100 41s] NO-MERGE graph 22 = 44.0000 (8.05s, |K|>3=15)
[77/2100 42s] NO-MERGE graph 25 = 46.0000 (7.42s, |K|>3=15)
[78/2100 43s] NO-MERGE graph 28 = 44.0000 (4.21s, |K|>3=13)
[79/2100 46s] NO-MERGE graph 29 = 42.0000 (6.77s, |K|>3=15)
[80/2100 47s] NO-MERGE graph 32 = 46.0000 (4.92s, |K|>3=8)
[81/2100 48s] NO-MERGE graph 33 = 42.0000 (4.94s, |K|>3=14)
[82/2100 48s] NO-MERGE graph 27 = 42.0000 (10.04s, |K|>3=15)
[83/2100 51s] NO-MERGE graph 30 = 44.0000 (10.70s, |K|>3=14)
[84/2100 51s] NO-MERGE graph 37 = 44.0000 (2.71s, |K|>3=8)
[85/2100 52s] NO-MERGE graph 31 = 44.0000 (10.99s, |K|>3=15)
[86/2100 57s] NO-MERGE graph 34 = 44.0000 (10.93s, |K|>3=15)
[87/2100 57s] NO-MERGE graph 36 = 44.0000 (9.86s, |K|>3=15)
[88/2100 59s] NO-MERGE graph 35 = 44.0000 (11.83s, |K|>3=15)
[89/2100 59s] NO-MERGE graph 39 = 42.0000 (8.40s, |K|>3=15)
[90/2100 61s] NO-MERGE graph 40 = 42.0000 (9.39s, |K|>3=15)
[91/2100 63s] NO-MERGE graph 38 = 46.0000 (12.12s, |K|>3=15)
[92/2100 64s] NO-MERGE graph 45 = 42.0000 (2.67s, |K|>3=8)
[93/2100 65s] NO-MERGE graph 44 = 42.0000 (5.82s, |K|>3=14)
[94/2100 66s] NO-MERGE graph 42 = 44.0000 (8.15s, |K|>3=15)
[95/2100 68s] NO-MERGE graph 41 = 44.0000 (10.92s, |K|>3=15)
[96/2100 68s] NO-MERGE graph 43 = 42.0000 (9.20s, |K|>3=15)
[97/2100 70s] NO-MERGE graph 49 = 42.0000 (4.06s, |K|>3=8)
[98/2100 70s] NO-MERGE graph 47 = 44.0000 (5.69s, |K|>3=15)
[99/2100 73s] NO-MERGE graph 48 = 46.0000 (7.82s, |K|>3=15)
[100/2100 73s] NO-MERGE graph 46 = 44.0000 (10.17s, |K|>3=15)
[120/2100 90s] tau=0.1 graph  1 rep 8 = 46.0000 (4.02s)
[140/2100 106s] tau=0.1 graph  3 rep 7 = 42.0000 (5.13s)
[160/2100 122s] tau=0.1 graph  5 rep 9 = 42.0000 (5.43s)
[180/2100 135s] tau=0.1 graph  8 rep 1 = 46.0000 (2.62s)
[200/2100 146s] tau=0.1 graph  9 rep 9 = 42.0000 (4.08s)
[220/2100 159s] tau=0.1 graph 11 rep 9 = 42.0000 (4.27s)
[240/2100 174s] tau=0.1 graph 14 rep 1 = 44.0000 (3.17s)
[260/2100 191s] tau=0.1 graph 16 rep 0 = 46.0000 (4.05s)
[280/2100 207s] tau=0.1 graph 17 rep 9 = 42.0000 (5.31s)
[300/2100 221s] tau=0.1 graph 20 rep 0 = 40.0000 (4.15s)
[320/2100 235s] tau=0.1 graph 21 rep 7 = 42.0000 (5.95s)
[340/2100 251s] tau=0.1 graph 24 rep 0 = 42.0000 (2.77s)
[360/2100 265s] tau=0.1 graph 26 rep 0 = 42.0000 (4.30s)
[380/2100 279s] tau=0.1 graph 27 rep 9 = 42.0000 (5.14s)
[400/2100 294s] tau=0.1 graph 29 rep 8 = 42.0000 (5.39s)
[420/2100 309s] tau=0.1 graph 31 rep 8 = 44.0000 (5.08s)
[440/2100 323s] tau=0.1 graph 33 rep 9 = 42.0000 (3.85s)
[460/2100 345s] tau=0.1 graph 36 rep 1 = 46.0000 (4.05s)
[480/2100 365s] tau=0.1 graph 38 rep 0 = 40.0000 (5.26s)
[500/2100 385s] tau=0.1 graph 39 rep 9 = 42.0000 (5.48s)
[520/2100 403s] tau=0.1 graph 42 rep 0 = 42.0000 (4.79s)
[540/2100 422s] tau=0.1 graph 44 rep 1 = 42.0000 (5.42s)
[560/2100 440s] tau=0.1 graph 45 rep 9 = 42.0000 (4.91s)
[580/2100 460s] tau=0.1 graph 48 rep 1 = 44.0000 (4.20s)
[600/2100 478s] tau=0.1 graph 49 rep 9 = 44.0000 (5.49s)
[620/2100 512s] tau=0.2 graph  1 rep 9 = 46.0000 (8.87s)
[640/2100 539s] tau=0.2 graph  3 rep 8 = 42.0000 (8.09s)
[660/2100 570s] tau=0.2 graph  5 rep 8 = 44.0000 (8.35s)
[680/2100 594s] tau=0.2 graph  7 rep 9 = 42.0000 (9.06s)
[700/2100 623s] tau=0.2 graph  9 rep 8 = 44.0000 (10.05s)
[720/2100 652s] tau=0.2 graph 11 rep 9 = 42.0000 (9.34s)
[740/2100 685s] tau=0.2 graph 13 rep 9 = 44.0000 (8.30s)
[760/2100 713s] tau=0.2 graph 15 rep 9 = 42.0000 (8.76s)
[780/2100 743s] tau=0.2 graph 17 rep 8 = 44.0000 (8.80s)
[800/2100 770s] tau=0.2 graph 20 rep 1 = 42.0000 (4.63s)
[820/2100 801s] tau=0.2 graph 21 rep 9 = 42.0000 (8.87s)
[840/2100 832s] tau=0.2 graph 23 rep 9 = 44.0000 (10.21s)
[860/2100 863s] tau=0.2 graph 25 rep 9 = 42.0000 (8.88s)
[880/2100 899s] tau=0.2 graph 27 rep 9 = 44.0000 (11.05s)
[900/2100 930s] tau=0.2 graph 29 rep 8 = 42.0000 (10.36s)
[920/2100 959s] tau=0.2 graph 31 rep 7 = 44.0000 (9.02s)
[940/2100 994s] tau=0.2 graph 34 rep 0 = 42.0000 (7.83s)
[960/2100 1027s] tau=0.2 graph 35 rep 8 = 42.0000 (13.39s)
[980/2100 1056s] tau=0.2 graph 37 rep 9 = 42.0000 (7.59s)
[1000/2100 1083s] tau=0.2 graph 40 rep 1 = 42.0000 (7.14s)
[1020/2100 1111s] tau=0.2 graph 41 rep 9 = 44.0000 (9.37s)
[1040/2100 1143s] tau=0.2 graph 43 rep 9 = 42.0000 (7.29s)
[1060/2100 1174s] tau=0.2 graph 45 rep 8 = 40.0000 (9.19s)
[1080/2100 1202s] tau=0.2 graph 47 rep 7 = 40.0000 (8.79s)
[1100/2100 1233s] tau=0.2 graph 49 rep 9 = 42.0000 (8.49s)
[1120/2100 1286s] tau=0.3 graph  1 rep 9 = 42.0000 (16.13s)
[1140/2100 1322s] tau=0.3 graph  3 rep 9 = 44.0000 (8.84s)
[1160/2100 1365s] tau=0.3 graph  5 rep 9 = 42.0000 (11.03s)
[1180/2100 1405s] tau=0.3 graph  7 rep 9 = 46.0000 (9.71s)
[1200/2100 1454s] tau=0.3 graph 10 rep 0 = 46.0000 (12.09s)
[1220/2100 1497s] tau=0.3 graph 12 rep 0 = 44.0000 (11.49s)
[1240/2100 1548s] tau=0.3 graph 14 rep 1 = 42.0000 (10.61s)
[1260/2100 1590s] tau=0.3 graph 15 rep 9 = 40.0000 (14.65s)
[1280/2100 1646s] tau=0.3 graph 17 rep 9 = 46.0000 (12.95s)
[1300/2100 1693s] tau=0.3 graph 20 rep 0 = 44.0000 (12.94s)
[1320/2100 1725s] tau=0.3 graph 22 rep 0 = 42.0000 (8.79s)
[1340/2100 1772s] tau=0.3 graph 24 rep 0 = 42.0000 (10.59s)
[1360/2100 1807s] tau=0.3 graph 25 rep 9 = 46.0000 (10.52s)
[1380/2100 1842s] tau=0.3 graph 27 rep 8 = 42.0000 (11.77s)
[1400/2100 1885s] tau=0.3 graph 30 rep 0 = 46.0000 (10.00s)
[1420/2100 1927s] tau=0.3 graph 31 rep 7 = 44.0000 (15.88s)
[1440/2100 1960s] tau=0.3 graph 33 rep 8 = 42.0000 (9.74s)
[1460/2100 2013s] tau=0.3 graph 36 rep 2 = 40.0000 (8.37s)
[1480/2100 2045s] tau=0.3 graph 37 rep 8 = 42.0000 (10.66s)
[1500/2100 2081s] tau=0.3 graph 40 rep 1 = 42.0000 (8.76s)
[1520/2100 2112s] tau=0.3 graph 41 rep 8 = 44.0000 (12.13s)
[1540/2100 2140s] tau=0.3 graph 43 rep 9 = 40.0000 (8.81s)
[1560/2100 2191s] tau=0.3 graph 46 rep 0 = 44.0000 (11.83s)
[1580/2100 2222s] tau=0.3 graph 47 rep 9 = 40.0000 (10.01s)
[1600/2100 2278s] tau=0.3 graph 49 rep 9 = 42.0000 (12.29s)
[1620/2100 2321s] tau=0.4 graph  1 rep 9 = 42.0000 (8.95s)
[1640/2100 2353s] tau=0.4 graph  3 rep 8 = 42.0000 (10.42s)
[1660/2100 2422s] tau=0.4 graph  6 rep 1 = 46.0000 (12.92s)
[1680/2100 2459s] tau=0.4 graph  7 rep 9 = 46.0000 (11.02s)
[1700/2100 2515s] tau=0.4 graph  9 rep 8 = 44.0000 (14.04s)
[1720/2100 2579s] tau=0.4 graph 11 rep 8 = 42.0000 (15.84s)
[1740/2100 2636s] tau=0.4 graph 13 rep 7 = 40.0000 (21.47s)
[1760/2100 2667s] tau=0.4 graph 15 rep 9 = 42.0000 (8.93s)
[1780/2100 2712s] tau=0.4 graph 18 rep 0 = 46.0000 (12.30s)
[1800/2100 2747s] tau=0.4 graph 19 rep 8 = 46.0000 (11.86s)
[1820/2100 2792s] tau=0.4 graph 22 rep 0 = 44.0000 (14.14s)
[1840/2100 2841s] tau=0.4 graph 24 rep 0 = 42.0000 (11.04s)
[1860/2100 2881s] tau=0.4 graph 25 rep 9 = 46.0000 (11.24s)
[1880/2100 2942s] tau=0.4 graph 27 rep 9 = 42.0000 (14.74s)
[1900/2100 2996s] tau=0.4 graph 29 rep 7 = 42.0000 (18.40s)
[1920/2100 3047s] tau=0.4 graph 31 rep 9 = 46.0000 (19.63s)
[1940/2100 3102s] tau=0.4 graph 33 rep 9 = 42.0000 (11.57s)
[1960/2100 3182s] tau=0.4 graph 35 rep 8 = 44.0000 (30.62s)
[1980/2100 3242s] tau=0.4 graph 37 rep 7 = 44.0000 (23.29s)
[2000/2100 3293s] tau=0.4 graph 39 rep 8 = 44.0000 (24.24s)
[2020/2100 3334s] tau=0.4 graph 42 rep 0 = 42.0000 (13.41s)
[2040/2100 3372s] tau=0.4 graph 43 rep 9 = 40.0000 (8.75s)
[2060/2100 3439s] tau=0.4 graph 45 rep 9 = 42.0000 (17.49s)
[2080/2100 3483s] tau=0.4 graph 47 rep 9 = 40.0000 (12.05s)
[2100/2100 3540s] tau=0.4 graph 49 rep 9 = 42.0000 (11.99s)
Wrote /home/mxttbrunet/QAOA-Graph-Decomp/MERGE_PS_6REG/COMP_T0.1_avg.txt
Wrote /home/mxttbrunet/QAOA-Graph-Decomp/MERGE_PS_6REG/COMP_T0.2_avg.txt
Wrote /home/mxttbrunet/QAOA-Graph-Decomp/MERGE_PS_6REG/COMP_T0.3_avg.txt
Wrote /home/mxttbrunet/QAOA-Graph-Decomp/MERGE_PS_6REG/COMP_T0.4_avg.txt
Wrote /home/mxttbrunet/QAOA-Graph-Decomp/MERGE_PS_6REG/COMP_BY_T_REPEAT10.txt
TOTAL WALL TIME: 3540.1s
