baseline graph  0 opt=32.0 NO-MERGE=32.0000 (|K|>3=15)
baseline graph  1 opt=32.0 NO-MERGE=30.0000 (|K|>3=15)
baseline graph  2 opt=34.0 NO-MERGE=34.0000 (|K|>3=13)
baseline graph  3 opt=34.0 NO-MERGE=30.0000 (|K|>3=15)
baseline graph  4 opt=32.0 NO-MERGE=32.0000 (|K|>3=15)
baseline graph  5 opt=32.0 NO-MERGE=28.0000 (|K|>3=14)
baseline graph  6 opt=36.0 NO-MERGE=36.0000 (|K|>3=15)
baseline graph  7 opt=30.0 NO-MERGE=30.0000 (|K|>3=10)
baseline graph  8 opt=32.0 NO-MERGE=32.0000 (|K|>3=15)
baseline graph  9 opt=32.0 NO-MERGE=30.0000 (|K|>3=14)
tau=0.1 graph  0 MERGE=32.0000 (r=1.0000, merged=2)
tau=0.1 graph  1 MERGE=32.0000 (r=1.0000, merged=3)
tau=0.1 graph  2 MERGE=32.0000 (r=0.9412, merged=3)
tau=0.1 graph  3 MERGE=30.0000 (r=0.8824, merged=3)
tau=0.1 graph  4 MERGE=32.0000 (r=1.0000, merged=3)
tau=0.1 graph  5 MERGE=30.0000 (r=0.9375, merged=6)
tau=0.1 graph  6 MERGE=36.0000 (r=1.0000, merged=3)
tau=0.1 graph  7 MERGE=28.0000 (r=0.9333, merged=3)
tau=0.1 graph  8 MERGE=30.0000 (r=0.9375, merged=4)
tau=0.1 graph  9 MERGE=28.0000 (r=0.8750, merged=3)
Wrote /home/mxttbrunet/QAOA-Graph-Decomp/MERGE_PS_100/COMP_T0.1.txt
tau=0.2 graph  0 MERGE=32.0000 (r=1.0000, merged=2)
tau=0.2 graph  1 MERGE=32.0000 (r=1.0000, merged=3)
tau=0.2 graph  2 MERGE=34.0000 (r=1.0000, merged=3)
tau=0.2 graph  3 MERGE=32.0000 (r=0.9412, merged=3)
tau=0.2 graph  4 MERGE=32.0000 (r=1.0000, merged=2)
tau=0.2 graph  5 MERGE=28.0000 (r=0.8750, merged=2)
tau=0.2 graph  6 MERGE=36.0000 (r=1.0000, merged=3)
tau=0.2 graph  7 MERGE=28.0000 (r=0.9333, merged=3)
tau=0.2 graph  8 MERGE=32.0000 (r=1.0000, merged=3)
tau=0.2 graph  9 MERGE=30.0000 (r=0.9375, merged=3)
Wrote /home/mxttbrunet/QAOA-Graph-Decomp/MERGE_PS_100/COMP_T0.2.txt
tau=0.3 graph  0 MERGE=32.0000 (r=1.0000, merged=2)
tau=0.3 graph  1 MERGE=32.0000 (r=1.0000, merged=3)
tau=0.3 graph  2 MERGE=32.0000 (r=0.9412, merged=3)
tau=0.3 graph  3 MERGE=32.0000 (r=0.9412, merged=3)
tau=0.3 graph  4 MERGE=32.0000 (r=1.0000, merged=4)
tau=0.3 graph  5 MERGE=28.0000 (r=0.8750, merged=2)
tau=0.3 graph  6 MERGE=36.0000 (r=1.0000, merged=3)
tau=0.3 graph  7 MERGE=30.0000 (r=1.0000, merged=4)
tau=0.3 graph  8 MERGE=32.0000 (r=1.0000, merged=3)
tau=0.3 graph  9 MERGE=30.0000 (r=0.9375, merged=2)
Wrote /home/mxttbrunet/QAOA-Graph-Decomp/MERGE_PS_100/COMP_T0.3.txt
tau=0.4 graph  0 MERGE=32.0000 (r=1.0000, merged=2)
tau=0.4 graph  1 MERGE=32.0000 (r=1.0000, merged=2)
tau=0.4 graph  2 MERGE=34.0000 (r=1.0000, merged=1)
tau=0.4 graph  3 MERGE=30.0000 (r=0.8824, merged=2)
tau=0.4 graph  4 MERGE=32.0000 (r=1.0000, merged=1)
tau=0.4 graph  5 MERGE=28.0000 (r=0.8750, merged=2)
tau=0.4 graph  6 MERGE=36.0000 (r=1.0000, merged=3)
tau=0.4 graph  7 MERGE=30.0000 (r=1.0000, merged=3)
tau=0.4 graph  8 MERGE=32.0000 (r=1.0000, merged=2)
tau=0.4 graph  9 MERGE=30.0000 (r=0.9375, merged=2)
Wrote /home/mxttbrunet/QAOA-Graph-Decomp/MERGE_PS_100/COMP_T0.4.txt
Wrote /home/mxttbrunet/QAOA-Graph-Decomp/MERGE_PS_100/COMP_BY_T.txt
EXIT=0
