baseline graph  0 opt=21.0 NO-MERGE=21.0000 (|K|>3=3)
baseline graph  1 opt=22.0 NO-MERGE=22.0000 (|K|>3=0)
baseline graph  2 opt=21.0 NO-MERGE=21.0000 (|K|>3=1)
baseline graph  3 opt=20.0 NO-MERGE=20.0000 (|K|>3=4)
baseline graph  4 opt=22.0 NO-MERGE=22.0000 (|K|>3=0)
baseline graph  5 opt=21.0 NO-MERGE=21.0000 (|K|>3=3)
baseline graph  6 opt=20.0 NO-MERGE=20.0000 (|K|>3=0)
baseline graph  7 opt=21.0 NO-MERGE=21.0000 (|K|>3=3)
baseline graph  8 opt=20.0 NO-MERGE=20.0000 (|K|>3=0)
baseline graph  9 opt=20.0 NO-MERGE=20.0000 (|K|>3=2)
baseline graph 10 opt=22.0 NO-MERGE=22.0000 (|K|>3=0)
baseline graph 11 opt=21.0 NO-MERGE=21.0000 (|K|>3=6)
baseline graph 12 opt=22.0 NO-MERGE=22.0000 (|K|>3=0)
baseline graph 13 opt=21.0 NO-MERGE=21.0000 (|K|>3=5)
baseline graph 14 opt=22.0 NO-MERGE=21.0000 (|K|>3=5)
baseline graph 15 opt=20.0 NO-MERGE=20.0000 (|K|>3=0)
baseline graph 16 opt=22.0 NO-MERGE=22.0000 (|K|>3=6)
baseline graph 17 opt=22.0 NO-MERGE=22.0000 (|K|>3=4)
baseline graph 18 opt=20.0 NO-MERGE=20.0000 (|K|>3=1)
baseline graph 19 opt=22.0 NO-MERGE=22.0000 (|K|>3=6)
baseline graph 20 opt=20.0 NO-MERGE=20.0000 (|K|>3=0)
baseline graph 21 opt=21.0 NO-MERGE=20.0000 (|K|>3=2)
baseline graph 22 opt=22.0 NO-MERGE=22.0000 (|K|>3=2)
baseline graph 23 opt=20.0 NO-MERGE=20.0000 (|K|>3=5)
baseline graph 24 opt=21.0 NO-MERGE=21.0000 (|K|>3=5)
baseline graph 25 opt=20.0 NO-MERGE=20.0000 (|K|>3=5)
baseline graph 26 opt=20.0 NO-MERGE=20.0000 (|K|>3=0)
baseline graph 27 opt=21.0 NO-MERGE=21.0000 (|K|>3=4)
baseline graph 28 opt=20.0 NO-MERGE=20.0000 (|K|>3=5)
baseline graph 29 opt=21.0 NO-MERGE=20.0000 (|K|>3=4)
baseline graph 30 opt=20.0 NO-MERGE=20.0000 (|K|>3=0)
baseline graph 31 opt=22.0 NO-MERGE=21.0000 (|K|>3=4)
baseline graph 32 opt=21.0 NO-MERGE=21.0000 (|K|>3=1)
baseline graph 33 opt=20.0 NO-MERGE=20.0000 (|K|>3=3)
baseline graph 34 opt=21.0 NO-MERGE=21.0000 (|K|>3=4)
baseline graph 35 opt=22.0 NO-MERGE=22.0000 (|K|>3=0)
baseline graph 36 opt=22.0 NO-MERGE=22.0000 (|K|>3=0)
baseline graph 37 opt=20.0 NO-MERGE=20.0000 (|K|>3=3)
baseline graph 38 opt=22.0 NO-MERGE=22.0000 (|K|>3=6)
baseline graph 39 opt=20.0 NO-MERGE=20.0000 (|K|>3=0)
baseline graph 40 opt=20.0 NO-MERGE=20.0000 (|K|>3=4)
baseline graph 41 opt=21.0 NO-MERGE=21.0000 (|K|>3=5)
baseline graph 42 opt=22.0 NO-MERGE=22.0000 (|K|>3=0)
baseline graph 43 opt=21.0 NO-MERGE=21.0000 (|K|>3=2)
baseline graph 44 opt=22.0 NO-MERGE=22.0000 (|K|>3=4)
baseline graph 45 opt=22.0 NO-MERGE=22.0000 (|K|>3=3)
baseline graph 46 opt=22.0 NO-MERGE=21.0000 (|K|>3=6)
baseline graph 47 opt=22.0 NO-MERGE=22.0000 (|K|>3=3)
baseline graph 48 opt=22.0 NO-MERGE=21.0000 (|K|>3=6)
baseline graph 49 opt=20.0 NO-MERGE=20.0000 (|K|>3=0)
tau=0.1 graph  0 MERGE=20.0000 (r=0.9524, merged=1)
tau=0.1 graph  1 MERGE=22.0000 (r=1.0000, merged=0)
tau=0.1 graph  2 MERGE=21.0000 (r=1.0000, merged=0)
tau=0.1 graph  3 MERGE=20.0000 (r=1.0000, merged=1)
tau=0.1 graph  4 MERGE=22.0000 (r=1.0000, merged=0)
tau=0.1 graph  5 MERGE=20.0000 (r=0.9524, merged=1)
tau=0.1 graph  6 MERGE=20.0000 (r=1.0000, merged=0)
tau=0.1 graph  7 MERGE=20.0000 (r=0.9524, merged=2)
tau=0.1 graph  8 MERGE=20.0000 (r=1.0000, merged=0)
tau=0.1 graph  9 MERGE=20.0000 (r=1.0000, merged=1)
tau=0.1 graph 10 MERGE=22.0000 (r=1.0000, merged=0)
tau=0.1 graph 11 MERGE=18.0000 (r=0.8571, merged=2)
tau=0.1 graph 12 MERGE=22.0000 (r=1.0000, merged=0)
tau=0.1 graph 13 MERGE=21.0000 (r=1.0000, merged=1)
tau=0.1 graph 14 MERGE=22.0000 (r=1.0000, merged=1)
tau=0.1 graph 15 MERGE=20.0000 (r=1.0000, merged=0)
tau=0.1 graph 16 MERGE=22.0000 (r=1.0000, merged=2)
tau=0.1 graph 17 MERGE=22.0000 (r=1.0000, merged=2)
tau=0.1 graph 18 MERGE=20.0000 (r=1.0000, merged=1)
tau=0.1 graph 19 MERGE=21.0000 (r=0.9545, merged=2)
tau=0.1 graph 20 MERGE=20.0000 (r=1.0000, merged=0)
tau=0.1 graph 21 MERGE=20.0000 (r=0.9524, merged=1)
tau=0.1 graph 22 MERGE=22.0000 (r=1.0000, merged=1)
tau=0.1 graph 23 MERGE=20.0000 (r=1.0000, merged=1)
tau=0.1 graph 24 MERGE=21.0000 (r=1.0000, merged=2)
tau=0.1 graph 25 MERGE=20.0000 (r=1.0000, merged=1)
tau=0.1 graph 26 MERGE=20.0000 (r=1.0000, merged=0)
tau=0.1 graph 27 MERGE=19.0000 (r=0.9048, merged=1)
tau=0.1 graph 28 MERGE=20.0000 (r=1.0000, merged=1)
tau=0.1 graph 29 MERGE=20.0000 (r=0.9524, merged=2)
tau=0.1 graph 30 MERGE=20.0000 (r=1.0000, merged=0)
tau=0.1 graph 31 MERGE=22.0000 (r=1.0000, merged=2)
tau=0.1 graph 32 MERGE=21.0000 (r=1.0000, merged=1)
tau=0.1 graph 33 MERGE=20.0000 (r=1.0000, merged=1)
tau=0.1 graph 34 MERGE=20.0000 (r=0.9524, merged=1)
tau=0.1 graph 35 MERGE=22.0000 (r=1.0000, merged=0)
tau=0.1 graph 36 MERGE=22.0000 (r=1.0000, merged=0)
tau=0.1 graph 37 MERGE=20.0000 (r=1.0000, merged=1)
tau=0.1 graph 38 MERGE=19.0000 (r=0.8636, merged=2)
tau=0.1 graph 39 MERGE=20.0000 (r=1.0000, merged=0)
tau=0.1 graph 40 MERGE=20.0000 (r=1.0000, merged=2)
tau=0.1 graph 41 MERGE=21.0000 (r=1.0000, merged=2)
tau=0.1 graph 42 MERGE=22.0000 (r=1.0000, merged=0)
tau=0.1 graph 43 MERGE=21.0000 (r=1.0000, merged=1)
tau=0.1 graph 44 MERGE=19.0000 (r=0.8636, merged=1)
tau=0.1 graph 45 MERGE=20.0000 (r=0.9091, merged=1)
tau=0.1 graph 46 MERGE=22.0000 (r=1.0000, merged=2)
tau=0.1 graph 47 MERGE=22.0000 (r=1.0000, merged=1)
tau=0.1 graph 48 MERGE=19.0000 (r=0.8636, merged=2)
tau=0.1 graph 49 MERGE=20.0000 (r=1.0000, merged=0)
Wrote /home/mxttbrunet/QAOA-Graph-Decomp/MERGE_PS/COMP_T0.1.txt
tau=0.2 graph  0 MERGE=20.0000 (r=0.9524, merged=1)
tau=0.2 graph  1 MERGE=22.0000 (r=1.0000, merged=0)
tau=0.2 graph  2 MERGE=21.0000 (r=1.0000, merged=0)
tau=0.2 graph  3 MERGE=20.0000 (r=1.0000, merged=1)
tau=0.2 graph  4 MERGE=22.0000 (r=1.0000, merged=0)
tau=0.2 graph  5 MERGE=20.0000 (r=0.9524, merged=1)
tau=0.2 graph  6 MERGE=20.0000 (r=1.0000, merged=0)
tau=0.2 graph  7 MERGE=20.0000 (r=0.9524, merged=2)
tau=0.2 graph  8 MERGE=20.0000 (r=1.0000, merged=0)
tau=0.2 graph  9 MERGE=20.0000 (r=1.0000, merged=1)
tau=0.2 graph 10 MERGE=22.0000 (r=1.0000, merged=0)
tau=0.2 graph 11 MERGE=21.0000 (r=1.0000, merged=2)
tau=0.2 graph 12 MERGE=22.0000 (r=1.0000, merged=0)
tau=0.2 graph 13 MERGE=21.0000 (r=1.0000, merged=1)
tau=0.2 graph 14 MERGE=22.0000 (r=1.0000, merged=1)
tau=0.2 graph 15 MERGE=20.0000 (r=1.0000, merged=0)
tau=0.2 graph 16 MERGE=22.0000 (r=1.0000, merged=2)
tau=0.2 graph 17 MERGE=22.0000 (r=1.0000, merged=1)
tau=0.2 graph 18 MERGE=20.0000 (r=1.0000, merged=1)
tau=0.2 graph 19 MERGE=21.0000 (r=0.9545, merged=2)
tau=0.2 graph 20 MERGE=20.0000 (r=1.0000, merged=0)
tau=0.2 graph 21 MERGE=21.0000 (r=1.0000, merged=1)
tau=0.2 graph 22 MERGE=22.0000 (r=1.0000, merged=1)
tau=0.2 graph 23 MERGE=20.0000 (r=1.0000, merged=1)
tau=0.2 graph 24 MERGE=21.0000 (r=1.0000, merged=2)
tau=0.2 graph 25 MERGE=20.0000 (r=1.0000, merged=1)
tau=0.2 graph 26 MERGE=20.0000 (r=1.0000, merged=0)
tau=0.2 graph 27 MERGE=20.0000 (r=0.9524, merged=1)
tau=0.2 graph 28 MERGE=20.0000 (r=1.0000, merged=1)
tau=0.2 graph 29 MERGE=20.0000 (r=0.9524, merged=2)
tau=0.2 graph 30 MERGE=20.0000 (r=1.0000, merged=0)
tau=0.2 graph 31 MERGE=22.0000 (r=1.0000, merged=2)
tau=0.2 graph 32 MERGE=21.0000 (r=1.0000, merged=1)
tau=0.2 graph 33 MERGE=20.0000 (r=1.0000, merged=1)
tau=0.2 graph 34 MERGE=20.0000 (r=0.9524, merged=2)
tau=0.2 graph 35 MERGE=22.0000 (r=1.0000, merged=0)
tau=0.2 graph 36 MERGE=22.0000 (r=1.0000, merged=0)
tau=0.2 graph 37 MERGE=20.0000 (r=1.0000, merged=1)
tau=0.2 graph 38 MERGE=21.0000 (r=0.9545, merged=2)
tau=0.2 graph 39 MERGE=20.0000 (r=1.0000, merged=0)
tau=0.2 graph 40 MERGE=20.0000 (r=1.0000, merged=2)
tau=0.2 graph 41 MERGE=21.0000 (r=1.0000, merged=2)
tau=0.2 graph 42 MERGE=22.0000 (r=1.0000, merged=0)
tau=0.2 graph 43 MERGE=21.0000 (r=1.0000, merged=1)
tau=0.2 graph 44 MERGE=21.0000 (r=0.9545, merged=1)
tau=0.2 graph 45 MERGE=21.0000 (r=0.9545, merged=1)
tau=0.2 graph 46 MERGE=21.0000 (r=0.9545, merged=1)
tau=0.2 graph 47 MERGE=22.0000 (r=1.0000, merged=1)
tau=0.2 graph 48 MERGE=21.0000 (r=0.9545, merged=2)
tau=0.2 graph 49 MERGE=20.0000 (r=1.0000, merged=0)
Wrote /home/mxttbrunet/QAOA-Graph-Decomp/MERGE_PS/COMP_T0.2.txt
tau=0.3 graph  0 MERGE=20.0000 (r=0.9524, merged=1)
tau=0.3 graph  1 MERGE=22.0000 (r=1.0000, merged=0)
tau=0.3 graph  2 MERGE=21.0000 (r=1.0000, merged=0)
tau=0.3 graph  3 MERGE=20.0000 (r=1.0000, merged=1)
tau=0.3 graph  4 MERGE=22.0000 (r=1.0000, merged=0)
tau=0.3 graph  5 MERGE=20.0000 (r=0.9524, merged=1)
tau=0.3 graph  6 MERGE=20.0000 (r=1.0000, merged=0)
tau=0.3 graph  7 MERGE=20.0000 (r=0.9524, merged=2)
tau=0.3 graph  8 MERGE=20.0000 (r=1.0000, merged=0)
tau=0.3 graph  9 MERGE=20.0000 (r=1.0000, merged=1)
tau=0.3 graph 10 MERGE=22.0000 (r=1.0000, merged=0)
tau=0.3 graph 11 MERGE=21.0000 (r=1.0000, merged=1)
tau=0.3 graph 12 MERGE=22.0000 (r=1.0000, merged=0)
tau=0.3 graph 13 MERGE=21.0000 (r=1.0000, merged=1)
tau=0.3 graph 14 MERGE=22.0000 (r=1.0000, merged=1)
tau=0.3 graph 15 MERGE=20.0000 (r=1.0000, merged=0)
tau=0.3 graph 16 MERGE=22.0000 (r=1.0000, merged=2)
tau=0.3 graph 17 MERGE=22.0000 (r=1.0000, merged=1)
tau=0.3 graph 18 MERGE=20.0000 (r=1.0000, merged=1)
tau=0.3 graph 19 MERGE=22.0000 (r=1.0000, merged=1)
tau=0.3 graph 20 MERGE=20.0000 (r=1.0000, merged=0)
tau=0.3 graph 21 MERGE=21.0000 (r=1.0000, merged=1)
tau=0.3 graph 22 MERGE=22.0000 (r=1.0000, merged=1)
tau=0.3 graph 23 MERGE=20.0000 (r=1.0000, merged=1)
tau=0.3 graph 24 MERGE=21.0000 (r=1.0000, merged=2)
tau=0.3 graph 25 MERGE=20.0000 (r=1.0000, merged=1)
tau=0.3 graph 26 MERGE=20.0000 (r=1.0000, merged=0)
tau=0.3 graph 27 MERGE=20.0000 (r=0.9524, merged=1)
tau=0.3 graph 28 MERGE=20.0000 (r=1.0000, merged=1)
tau=0.3 graph 29 MERGE=21.0000 (r=1.0000, merged=1)
tau=0.3 graph 30 MERGE=20.0000 (r=1.0000, merged=0)
tau=0.3 graph 31 MERGE=22.0000 (r=1.0000, merged=2)
tau=0.3 graph 32 MERGE=21.0000 (r=1.0000, merged=1)
tau=0.3 graph 33 MERGE=20.0000 (r=1.0000, merged=1)
tau=0.3 graph 34 MERGE=20.0000 (r=0.9524, merged=2)
tau=0.3 graph 35 MERGE=22.0000 (r=1.0000, merged=0)
tau=0.3 graph 36 MERGE=22.0000 (r=1.0000, merged=0)
tau=0.3 graph 37 MERGE=20.0000 (r=1.0000, merged=1)
tau=0.3 graph 38 MERGE=22.0000 (r=1.0000, merged=1)
tau=0.3 graph 39 MERGE=20.0000 (r=1.0000, merged=0)
tau=0.3 graph 40 MERGE=20.0000 (r=1.0000, merged=2)
tau=0.3 graph 41 MERGE=21.0000 (r=1.0000, merged=2)
tau=0.3 graph 42 MERGE=22.0000 (r=1.0000, merged=0)
tau=0.3 graph 43 MERGE=21.0000 (r=1.0000, merged=1)
tau=0.3 graph 44 MERGE=21.0000 (r=0.9545, merged=1)
tau=0.3 graph 45 MERGE=22.0000 (r=1.0000, merged=1)
tau=0.3 graph 46 MERGE=21.0000 (r=0.9545, merged=1)
tau=0.3 graph 47 MERGE=22.0000 (r=1.0000, merged=1)
tau=0.3 graph 48 MERGE=21.0000 (r=0.9545, merged=2)
tau=0.3 graph 49 MERGE=20.0000 (r=1.0000, merged=0)
Wrote /home/mxttbrunet/QAOA-Graph-Decomp/MERGE_PS/COMP_T0.3.txt
tau=0.4 graph  0 MERGE=20.0000 (r=0.9524, merged=1)
tau=0.4 graph  1 MERGE=22.0000 (r=1.0000, merged=0)
tau=0.4 graph  2 MERGE=21.0000 (r=1.0000, merged=0)
tau=0.4 graph  3 MERGE=20.0000 (r=1.0000, merged=2)
tau=0.4 graph  4 MERGE=22.0000 (r=1.0000, merged=0)
tau=0.4 graph  5 MERGE=21.0000 (r=1.0000, merged=1)
tau=0.4 graph  6 MERGE=20.0000 (r=1.0000, merged=0)
tau=0.4 graph  7 MERGE=21.0000 (r=1.0000, merged=1)
tau=0.4 graph  8 MERGE=20.0000 (r=1.0000, merged=0)
tau=0.4 graph  9 MERGE=20.0000 (r=1.0000, merged=1)
tau=0.4 graph 10 MERGE=22.0000 (r=1.0000, merged=0)
tau=0.4 graph 11 MERGE=21.0000 (r=1.0000, merged=1)
tau=0.4 graph 12 MERGE=22.0000 (r=1.0000, merged=0)
tau=0.4 graph 13 MERGE=21.0000 (r=1.0000, merged=1)
tau=0.4 graph 14 MERGE=22.0000 (r=1.0000, merged=1)
tau=0.4 graph 15 MERGE=20.0000 (r=1.0000, merged=0)
tau=0.4 graph 16 MERGE=22.0000 (r=1.0000, merged=1)
tau=0.4 graph 17 MERGE=22.0000 (r=1.0000, merged=1)
tau=0.4 graph 18 MERGE=20.0000 (r=1.0000, merged=1)
tau=0.4 graph 19 MERGE=22.0000 (r=1.0000, merged=1)
tau=0.4 graph 20 MERGE=20.0000 (r=1.0000, merged=0)
tau=0.4 graph 21 MERGE=21.0000 (r=1.0000, merged=1)
tau=0.4 graph 22 MERGE=22.0000 (r=1.0000, merged=1)
tau=0.4 graph 23 MERGE=20.0000 (r=1.0000, merged=2)
tau=0.4 graph 24 MERGE=20.0000 (r=0.9524, merged=2)
tau=0.4 graph 25 MERGE=20.0000 (r=1.0000, merged=1)
tau=0.4 graph 26 MERGE=20.0000 (r=1.0000, merged=0)
tau=0.4 graph 27 MERGE=20.0000 (r=0.9524, merged=1)
tau=0.4 graph 28 MERGE=20.0000 (r=1.0000, merged=1)
tau=0.4 graph 29 MERGE=21.0000 (r=1.0000, merged=1)
tau=0.4 graph 30 MERGE=20.0000 (r=1.0000, merged=0)
tau=0.4 graph 31 MERGE=22.0000 (r=1.0000, merged=2)
tau=0.4 graph 32 MERGE=21.0000 (r=1.0000, merged=1)
tau=0.4 graph 33 MERGE=20.0000 (r=1.0000, merged=1)
tau=0.4 graph 34 MERGE=20.0000 (r=0.9524, merged=2)
tau=0.4 graph 35 MERGE=22.0000 (r=1.0000, merged=0)
tau=0.4 graph 36 MERGE=22.0000 (r=1.0000, merged=0)
tau=0.4 graph 37 MERGE=20.0000 (r=1.0000, merged=1)
tau=0.4 graph 38 MERGE=22.0000 (r=1.0000, merged=1)
tau=0.4 graph 39 MERGE=20.0000 (r=1.0000, merged=0)
tau=0.4 graph 40 MERGE=20.0000 (r=1.0000, merged=1)
tau=0.4 graph 41 MERGE=21.0000 (r=1.0000, merged=2)
tau=0.4 graph 42 MERGE=22.0000 (r=1.0000, merged=0)
tau=0.4 graph 43 MERGE=21.0000 (r=1.0000, merged=1)
tau=0.4 graph 44 MERGE=21.0000 (r=0.9545, merged=1)
tau=0.4 graph 45 MERGE=22.0000 (r=1.0000, merged=1)
tau=0.4 graph 46 MERGE=21.0000 (r=0.9545, merged=1)
tau=0.4 graph 47 MERGE=22.0000 (r=1.0000, merged=0)
tau=0.4 graph 48 MERGE=21.0000 (r=0.9545, merged=2)
tau=0.4 graph 49 MERGE=20.0000 (r=1.0000, merged=0)
Wrote /home/mxttbrunet/QAOA-Graph-Decomp/MERGE_PS/COMP_T0.4.txt
Wrote /home/mxttbrunet/QAOA-Graph-Decomp/MERGE_PS/COMP_BY_T.txt
EXIT=0
