baseline graph  0 opt=42.0 NO-MERGE=38.8450 (|K|>3=15)
baseline graph  1 opt=40.0 NO-MERGE=36.3981 (|K|>3=15)
baseline graph  2 opt=39.0 NO-MERGE=36.6667 (|K|>3=15)
baseline graph  3 opt=38.0 NO-MERGE=36.2083 (|K|>3=14)
baseline graph  4 opt=40.0 NO-MERGE=38.2166 (|K|>3=14)
baseline graph  5 opt=38.0 NO-MERGE=36.8333 (|K|>3=15)
baseline graph  6 opt=40.0 NO-MERGE=38.6667 (|K|>3=15)
baseline graph  7 opt=38.0 NO-MERGE=37.7778 (|K|>3=15)
baseline graph  8 opt=39.0 NO-MERGE=36.8611 (|K|>3=15)
baseline graph  9 opt=40.0 NO-MERGE=38.0763 (|K|>3=14)
tau=0.1 graph  0 MERGE=38.0000 (r=0.9048, merged=5)
tau=0.1 graph  1 MERGE=34.0000 (r=0.8500, merged=4)
tau=0.1 graph  2 MERGE=37.0000 (r=0.9487, merged=5)
tau=0.1 graph  3 MERGE=37.0000 (r=0.9737, merged=4)
tau=0.1 graph  4 MERGE=39.0000 (r=0.9750, merged=5)
tau=0.1 graph  5 MERGE=36.0000 (r=0.9474, merged=4)
tau=0.1 graph  6 MERGE=37.0000 (r=0.9250, merged=3)
tau=0.1 graph  7 MERGE=38.0000 (r=1.0000, merged=4)
tau=0.1 graph  8 MERGE=35.0000 (r=0.8974, merged=5)
tau=0.1 graph  9 MERGE=37.0000 (r=0.9250, merged=3)
Wrote /home/mxttbrunet/QAOA-Graph-Decomp/MERGE_PS_5REG/COMP_T0.1.txt
tau=0.2 graph  0 MERGE=38.0000 (r=0.9048, merged=4)
tau=0.2 graph  1 MERGE=40.0000 (r=1.0000, merged=5)
tau=0.2 graph  2 MERGE=37.6667 (r=0.9658, merged=5)
tau=0.2 graph  3 MERGE=38.0000 (r=1.0000, merged=4)
tau=0.2 graph  4 MERGE=40.0000 (r=1.0000, merged=5)
tau=0.2 graph  5 MERGE=38.0000 (r=1.0000, merged=5)
tau=0.2 graph  6 MERGE=36.6667 (r=0.9167, merged=4)
tau=0.2 graph  7 MERGE=35.6667 (r=0.9386, merged=6)
tau=0.2 graph  8 MERGE=36.0000 (r=0.9231, merged=5)
tau=0.2 graph  9 MERGE=36.0000 (r=0.9000, merged=5)
Wrote /home/mxttbrunet/QAOA-Graph-Decomp/MERGE_PS_5REG/COMP_T0.2.txt
tau=0.3 graph  0 MERGE=38.0000 (r=0.9048, merged=3)
tau=0.3 graph  1 MERGE=37.0000 (r=0.9250, merged=4)
tau=0.3 graph  2 MERGE=36.3333 (r=0.9316, merged=4)
tau=0.3 graph  3 MERGE=37.0000 (r=0.9737, merged=4)
tau=0.3 graph  4 MERGE=37.0000 (r=0.9250, merged=4)
tau=0.3 graph  5 MERGE=35.6667 (r=0.9386, merged=4)
tau=0.3 graph  6 MERGE=37.0000 (r=0.9250, merged=3)
tau=0.3 graph  7 MERGE=36.6667 (r=0.9649, merged=6)
tau=0.3 graph  8 MERGE=37.0000 (r=0.9487, merged=4)
tau=0.3 graph  9 MERGE=39.0000 (r=0.9750, merged=4)
Wrote /home/mxttbrunet/QAOA-Graph-Decomp/MERGE_PS_5REG/COMP_T0.3.txt
tau=0.4 graph  0 MERGE=39.0000 (r=0.9286, merged=3)
tau=0.4 graph  1 MERGE=39.6667 (r=0.9917, merged=4)
tau=0.4 graph  2 MERGE=36.3333 (r=0.9316, merged=4)
tau=0.4 graph  3 MERGE=36.5000 (r=0.9605, merged=2)
tau=0.4 graph  4 MERGE=38.3229 (r=0.9581, merged=1)
tau=0.4 graph  5 MERGE=37.3333 (r=0.9825, merged=2)
tau=0.4 graph  6 MERGE=36.6667 (r=0.9167, merged=5)
tau=0.4 graph  7 MERGE=36.6667 (r=0.9649, merged=2)
tau=0.4 graph  8 MERGE=36.6111 (r=0.9387, merged=1)
tau=0.4 graph  9 MERGE=38.6667 (r=0.9667, merged=2)
Wrote /home/mxttbrunet/QAOA-Graph-Decomp/MERGE_PS_5REG/COMP_T0.4.txt
Wrote /home/mxttbrunet/QAOA-Graph-Decomp/MERGE_PS_5REG/COMP_BY_T.txt
EXIT=0
