baseline graph  0 opt=42.0 NO-MERGE=38.8450
baseline graph  1 opt=40.0 NO-MERGE=36.3981
baseline graph  2 opt=39.0 NO-MERGE=36.6667
baseline graph  3 opt=38.0 NO-MERGE=36.2083
baseline graph  4 opt=40.0 NO-MERGE=38.2166
baseline graph  5 opt=38.0 NO-MERGE=36.8333
baseline graph  6 opt=40.0 NO-MERGE=38.6667
baseline graph  7 opt=38.0 NO-MERGE=37.7778
baseline graph  8 opt=39.0 NO-MERGE=36.8611
baseline graph  9 opt=40.0 NO-MERGE=38.0763
tau=0.1 graph  0 MERGE mean=38.2000 std=0.4000 (min=38.000 max=39.000) exact=0/5
tau=0.1 graph  1 MERGE mean=34.0000 std=0.0000 (min=34.000 max=34.000) exact=0/5
tau=0.1 graph  2 MERGE mean=36.0000 std=1.2649 (min=34.000 max=37.000) exact=0/5
tau=0.1 graph  3 MERGE mean=37.0000 std=0.0000 (min=37.000 max=37.000) exact=0/5
tau=0.1 graph  4 MERGE mean=38.8000 std=0.4000 (min=38.000 max=39.000) exact=0/5
tau=0.1 graph  5 MERGE mean=36.7333 std=1.1035 (min=35.000 max=38.000) exact=1/5
tau=0.1 graph  6 MERGE mean=36.4000 std=0.8000 (min=35.000 max=37.000) exact=0/5
tau=0.1 graph  7 MERGE mean=37.8000 std=0.4000 (min=37.000 max=38.000) exact=4/5
tau=0.1 graph  8 MERGE mean=34.8000 std=1.8330 (min=33.000 max=38.000) exact=0/5
tau=0.1 graph  9 MERGE mean=37.0000 std=0.0000 (min=37.000 max=37.000) exact=0/5
Wrote /home/mxttbrunet/QAOA-Graph-Decomp/MERGE_PS_5REG/COMP_T0.1_avg.txt
tau=0.2 graph  0 MERGE mean=37.8000 std=0.4000 (min=37.000 max=38.000) exact=0/5
tau=0.2 graph  1 MERGE mean=39.4000 std=0.8000 (min=38.000 max=40.000) exact=3/5
tau=0.2 graph  2 MERGE mean=35.8667 std=1.4697 (min=34.667 max=38.667) exact=0/5
tau=0.2 graph  3 MERGE mean=38.0000 std=0.0000 (min=38.000 max=38.000) exact=5/5
tau=0.2 graph  4 MERGE mean=38.4000 std=1.4514 (min=36.667 max=40.000) exact=1/5
tau=0.2 graph  5 MERGE mean=37.0667 std=1.1431 (min=35.667 max=38.000) exact=3/5
tau=0.2 graph  6 MERGE mean=36.6667 std=0.0000 (min=36.667 max=36.667) exact=0/5
tau=0.2 graph  7 MERGE mean=35.5333 std=0.2667 (min=35.000 max=35.667) exact=0/5
tau=0.2 graph  8 MERGE mean=36.0000 std=0.0000 (min=36.000 max=36.000) exact=0/5
tau=0.2 graph  9 MERGE mean=36.6000 std=0.4899 (min=36.000 max=37.000) exact=0/5
Wrote /home/mxttbrunet/QAOA-Graph-Decomp/MERGE_PS_5REG/COMP_T0.2_avg.txt
tau=0.3 graph  0 MERGE mean=38.2000 std=0.4000 (min=38.000 max=39.000) exact=0/5
tau=0.3 graph  1 MERGE mean=37.4667 std=0.5812 (min=37.000 max=38.333) exact=0/5
tau=0.3 graph  2 MERGE mean=36.3333 std=0.0000 (min=36.333 max=36.333) exact=0/5
tau=0.3 graph  3 MERGE mean=36.0000 std=0.0000 (min=36.000 max=36.000) exact=0/5
tau=0.3 graph  4 MERGE mean=37.5111 std=0.6150 (min=36.556 max=38.000) exact=0/5
tau=0.3 graph  5 MERGE mean=36.6222 std=1.0414 (min=35.667 max=37.889) exact=0/5
tau=0.3 graph  6 MERGE mean=37.3333 std=0.6667 (min=37.000 max=38.667) exact=0/5
tau=0.3 graph  7 MERGE mean=36.0667 std=0.6110 (min=35.000 max=36.667) exact=0/5
tau=0.3 graph  8 MERGE mean=39.0000 std=0.0000 (min=39.000 max=39.000) exact=5/5
tau=0.3 graph  9 MERGE mean=39.3333 std=1.3333 (min=36.667 max=40.000) exact=4/5
Wrote /home/mxttbrunet/QAOA-Graph-Decomp/MERGE_PS_5REG/COMP_T0.3_avg.txt
tau=0.4 graph  0 MERGE mean=39.0000 std=0.0000 (min=39.000 max=39.000) exact=0/5
tau=0.4 graph  1 MERGE mean=39.5778 std=0.1778 (min=39.222 max=39.667) exact=0/5
tau=0.4 graph  2 MERGE mean=36.3333 std=0.0000 (min=36.333 max=36.333) exact=0/5
tau=0.4 graph  3 MERGE mean=36.6000 std=0.2000 (min=36.500 max=37.000) exact=0/5
tau=0.4 graph  4 MERGE mean=38.0417 std=0.5625 (min=36.917 max=38.323) exact=0/5
tau=0.4 graph  5 MERGE mean=37.3333 std=0.0000 (min=37.333 max=37.333) exact=0/5
tau=0.4 graph  6 MERGE mean=36.6000 std=0.1333 (min=36.333 max=36.667) exact=0/5
tau=0.4 graph  7 MERGE mean=36.1667 std=0.3333 (min=36.000 max=36.833) exact=0/5
tau=0.4 graph  8 MERGE mean=36.7278 std=0.2333 (min=36.611 max=37.194) exact=0/5
tau=0.4 graph  9 MERGE mean=38.9333 std=0.3266 (min=38.667 max=39.333) exact=0/5
Wrote /home/mxttbrunet/QAOA-Graph-Decomp/MERGE_PS_5REG/COMP_T0.4_avg.txt
Wrote /home/mxttbrunet/QAOA-Graph-Decomp/MERGE_PS_5REG/COMP_BY_T_REPEAT.txt
EXIT=0
